# benchmark: Rodinia euler3d_cpu
# build_command: make -C rodina -j4 CC=clang-18 CXX=clang++-18 CLANG=clang-18 INSTRUMENT=1 OMP_NUM_THREADS=4
# build_workdir: /home/chenhon/topics/topic_phams/code/benchmark
# run_command: /home/chenhon/topics/topic_phams/code/benchmark/rodina/cfd/euler3d_cpu /home/chenhon/topics/topic_phams/code/benchmark/doc/example/rodinia/inputs/cfd_1cell.mesh
# workdir: /tmp/rodinia-example-w1k_f3lf/euler3d_cpu
# utc: 2026-09-22T20:43:03+00:00
# toolchain: Ubuntu clang version 18.1.3 (1ubuntu1)
# environment: env -i PATH="$PATH" HOME="$HOME" LC_ALL=C OMP_NUM_THREADS=4 OMP_PROC_BIND=false OMP_DYNAMIC=false TUNER=none REGION_TIME_REPORT=1
Starting...
Compute time: 0.066169

time report
unit: seconds
iteration total: 0.066091061 s
step %: accumulated region time / iteration total (average time-step basis)
parallel region copy:79  0.004877090 s  step: 7.379%
    for region copy:79  0.004877090 s  step: 7.379%
parallel region compute_step_factor:176  0.008450747 s  step: 12.787%
    for region compute_step_factor:176  0.008450747 s  step: 12.787%
parallel region compute_flux:213  0.026783705 s  step: 40.525%
    for region compute_flux:213  0.026783705 s  step: 40.525%
parallel region time_step:349  0.025235653 s  step: 38.183%
    for region time_step:349  0.025235653 s  step: 38.183%
Saving solution...
Saved solution...
Cleaning up...
Done...

# exit_code: 0
