# benchmark: Rodinia euler3d_cpu_double
# build_command: make -C rodina -j4 CC=clang-18 CXX=clang++-18 CLANG=clang-18 INSTRUMENT=1 OMP_NUM_THREADS=4
# build_workdir: /home/chenhon/topics/topic_phams/code/benchmark
# run_command: /home/chenhon/topics/topic_phams/code/benchmark/rodina/cfd/euler3d_cpu_double /home/chenhon/topics/topic_phams/code/benchmark/doc/example/rodinia/inputs/cfd_1cell.mesh
# workdir: /tmp/rodinia-example-w1k_f3lf/euler3d_cpu_double
# utc: 2026-09-22T20:43:03+00:00
# toolchain: Ubuntu clang version 18.1.3 (1ubuntu1)
# environment: env -i PATH="$PATH" HOME="$HOME" LC_ALL=C OMP_NUM_THREADS=4 OMP_PROC_BIND=false OMP_DYNAMIC=false TUNER=none REGION_TIME_REPORT=1
Starting...
1.74055e-05 seconds per iteration

time report
unit: seconds
iteration total: 0.034728289 s
step %: accumulated region time / iteration total (average time-step basis)
parallel region copy:58  0.003635645 s  step: 10.469%
    for region copy:58  0.003635645 s  step: 10.469%
parallel region compute_step_factor:160  0.003885746 s  step: 11.189%
    for region compute_step_factor:160  0.003885746 s  step: 11.189%
parallel region compute_flux:191  0.014044285 s  step: 40.440%
    for region compute_flux:191  0.014044285 s  step: 40.440%
parallel region time_step:322  0.012366772 s  step: 35.610%
    for region time_step:322  0.012366772 s  step: 35.610%
Saving solution...
Saved solution...
Cleaning up...
Done...

# exit_code: 0
