# benchmark: Rodinia particle_filter
# build_command: make -C rodina -j4 CC=clang-18 CXX=clang++-18 CLANG=clang-18 INSTRUMENT=1 OMP_NUM_THREADS=4
# build_workdir: /home/chenhon/topics/topic_phams/code/benchmark
# run_command: /home/chenhon/topics/topic_phams/code/benchmark/rodina/particlefilter/particle_filter -x 16 -y 16 -z 3 -np 100
# workdir: /tmp/rodinia-example-w1k_f3lf/particle_filter
# utc: 2026-09-22T20:43:03+00:00
# toolchain: Ubuntu clang version 18.1.3 (1ubuntu1)
# environment: env -i PATH="$PATH" HOME="$HOME" LC_ALL=C OMP_NUM_THREADS=4 OMP_PROC_BIND=false OMP_DYNAMIC=false TUNER=none REGION_TIME_REPORT=1
VIDEO SEQUENCE TOOK 0.000040
TIME TO GET NEIGHBORS TOOK: 0.000001
TIME TO GET WEIGHTSTOOK: 0.002922
TIME TO SET ARRAYS TOOK: 0.000021
TIME TO SET ERROR TOOK: 0.000010
TIME TO GET LIKELIHOODS TOOK: 0.000033
TIME TO GET EXP TOOK: 0.000007
TIME TO SUM WEIGHTS TOOK: 0.000004
TIME TO NORMALIZE WEIGHTS TOOK: 0.000003
TIME TO MOVE OBJECT TOOK: 0.000003
XE: 8.191578
YE: 8.271890
0.332605
TIME TO CALC CUM SUM TOOK: 0.000001
TIME TO CALC U TOOK: 0.000003
TIME TO CALC NEW ARRAY X AND Y TOOK: 0.000003
TIME TO RESET WEIGHTS TOOK: 0.000001
TIME TO SET ERROR TOOK: 0.000008
TIME TO GET LIKELIHOODS TOOK: 0.000019
TIME TO GET EXP TOOK: 0.000002
TIME TO SUM WEIGHTS TOOK: 0.000003
TIME TO NORMALIZE WEIGHTS TOOK: 0.000002
TIME TO MOVE OBJECT TOOK: 0.000003
XE: 6.745769
YE: 9.247618
1.769080
TIME TO CALC CUM SUM TOOK: 0.000001
TIME TO CALC U TOOK: 0.000002
TIME TO CALC NEW ARRAY X AND Y TOOK: 0.000003
TIME TO RESET WEIGHTS TOOK: 0.000001

time report
unit: seconds
iteration total: 0.000113010 s
step %: accumulated region time / iteration total (average time-step basis)
parallel region particleFilter:407  0.000018120 s  step: 16.034%
    for region particleFilter:407  0.000018120 s  step: 16.034%
parallel region particleFilter:415  0.000051975 s  step: 45.992%
    for region particleFilter:415  0.000051975 s  step: 45.992%
parallel region particleFilter:438  0.000008106 s  step: 7.173%
    for region particleFilter:438  0.000008106 s  step: 7.173%
parallel region particleFilter:445  0.000003815 s  step: 3.376%
    for region particleFilter:445  0.000003815 s  step: 3.376%
parallel region particleFilter:451  0.000005007 s  step: 4.430%
    for region particleFilter:451  0.000005007 s  step: 4.430%
parallel region particleFilter:460  0.000006199 s  step: 5.485%
    for region particleFilter:460  0.000006199 s  step: 5.485%
parallel region particleFilter:485  0.000003815 s  step: 3.376%
    for region particleFilter:485  0.000003815 s  step: 3.376%
parallel region particleFilter:493  0.000005245 s  step: 4.641%
    for region particleFilter:493  0.000005245 s  step: 4.641%
PARTICLE FILTER TOOK 0.003069
ENTIRE PROGRAM TOOK 0.003109

# exit_code: 0
