# benchmark: Rodinia pre_euler3d_cpu_double
# build_command: make -C rodina -j4 CC=clang-18 CXX=clang++-18 CLANG=clang-18 INSTRUMENT=1 OMP_NUM_THREADS=4
# build_workdir: /home/chenhon/topics/topic_phams/code/benchmark
# run_command: /home/chenhon/topics/topic_phams/code/benchmark/rodina/cfd/pre_euler3d_cpu_double /home/chenhon/topics/topic_phams/code/benchmark/doc/example/rodinia/inputs/cfd_1cell.mesh
# workdir: /tmp/rodinia-example-w1k_f3lf/pre_euler3d_cpu_double
# utc: 2026-09-22T20:43:04+00:00
# toolchain: Ubuntu clang version 18.1.3 (1ubuntu1)
# environment: env -i PATH="$PATH" HOME="$HOME" LC_ALL=C OMP_NUM_THREADS=4 OMP_PROC_BIND=false OMP_DYNAMIC=false TUNER=none REGION_TIME_REPORT=1
Starting...
2.30664e-05 seconds per iteration

time report
unit: seconds
iteration total: 0.046055317 s
step %: accumulated region time / iteration total (average time-step basis)
parallel region copy:59  0.004046679 s  step: 8.787%
    for region copy:59  0.004046679 s  step: 8.787%
parallel region compute_step_factor:161  0.004063845 s  step: 8.824%
    for region compute_step_factor:161  0.004063845 s  step: 8.824%
parallel region compute_flux_contributions:185  0.012519598 s  step: 27.184%
    for region compute_flux_contributions:185  0.012519598 s  step: 27.184%
parallel region compute_flux:233  0.012346745 s  step: 26.809%
    for region compute_flux:233  0.012346745 s  step: 26.809%
parallel region time_step:393  0.012032270 s  step: 26.126%
    for region time_step:393  0.012032270 s  step: 26.126%
Saving solution...
Saved solution...
Cleaning up...
Done...

# exit_code: 0
