# benchmark: Rodinia pre_euler3d_cpu
# build_command: make -C rodina -j4 CC=clang-18 CXX=clang++-18 CLANG=clang-18 INSTRUMENT=1 OMP_NUM_THREADS=4
# build_workdir: /home/chenhon/topics/topic_phams/code/benchmark
# run_command: /home/chenhon/topics/topic_phams/code/benchmark/rodina/cfd/pre_euler3d_cpu /home/chenhon/topics/topic_phams/code/benchmark/doc/example/rodinia/inputs/cfd_1cell.mesh
# workdir: /tmp/rodinia-example-w1k_f3lf/pre_euler3d_cpu
# utc: 2026-09-22T20:43:03+00:00
# toolchain: Ubuntu clang version 18.1.3 (1ubuntu1)
# environment: env -i PATH="$PATH" HOME="$HOME" LC_ALL=C OMP_NUM_THREADS=4 OMP_PROC_BIND=false OMP_DYNAMIC=false TUNER=none REGION_TIME_REPORT=1
Starting...
2.0412e-05 seconds per iteration

time report
unit: seconds
iteration total: 0.040766954 s
step %: accumulated region time / iteration total (average time-step basis)
parallel region copy:58  0.003623724 s  step: 8.889%
    for region copy:58  0.003623724 s  step: 8.889%
parallel region compute_step_factor:160  0.003708363 s  step: 9.096%
    for region compute_step_factor:160  0.003708363 s  step: 9.096%
parallel region compute_flux_contributions:183  0.010948896 s  step: 26.857%
    for region compute_flux_contributions:183  0.010948896 s  step: 26.857%
parallel region compute_flux:231  0.010841370 s  step: 26.594%
    for region compute_flux:231  0.010841370 s  step: 26.594%
parallel region time_step:390  0.010755301 s  step: 26.382%
    for region time_step:390  0.010755301 s  step: 26.382%
Saving solution...
Saved solution...
Cleaning up...
Done...

# exit_code: 0
