# benchmark: Rodinia streamcluster
# build_command: make -C rodina -j4 CC=clang-18 CXX=clang++-18 CLANG=clang-18 INSTRUMENT=1 OMP_NUM_THREADS=4
# build_workdir: /home/chenhon/topics/topic_phams/code/benchmark
# run_command: /home/chenhon/topics/topic_phams/code/benchmark/rodina/streamcluster/sc_omp 2 4 3 128 64 128 unused centers.out 4
# workdir: /tmp/rodinia-example-w1k_f3lf/streamcluster
# utc: 2026-09-22T20:43:03+00:00
# toolchain: Ubuntu clang version 18.1.3 (1ubuntu1)
# environment: env -i PATH="$PATH" HOME="$HOME" LC_ALL=C OMP_NUM_THREADS=4 OMP_PROC_BIND=false OMP_DYNAMIC=false TUNER=none REGION_TIME_REPORT=1
PARSEC Benchmark Suite
read 64 points
finish local search
read 64 points
finish local search

time report
unit: seconds
iteration total: 0.001730919 s
step %: accumulated region time / iteration total (average time-step basis)
parallel region pgain:453  0.001626492 s  step: 93.967%
    for region pgain:453  0.001626492 s  step: 93.967%
parallel region pgain:541  0.000014544 s  step: 0.840%
    for region pgain:541  0.000014544 s  step: 0.840%
time = 0.001904
time pgain = 0.001699
time pgain_dist = 0.001638
time pgain_init = 0.000020
time pselect = 0.000008
time pspeedy = 0.000005
time pshuffle = 0.000002
time localSearch = 0.001730
loops=7

# exit_code: 0
