# benchmark: LULESH (non-MPI, size 8, 16 iterations)
# build_command: make -C lulesh -j4 CC=clang-18 CXX=clang++-18 CLANG=clang-18 INSTRUMENT=1
# build_workdir: /home/chenhon/topics/topic_phams/code/benchmark
# run_command: env -u OMP_PLACES -u KMP_AFFINITY -u GOMP_CPU_AFFINITY -u OMP_THREAD_LIMIT -u OFFLINE_CONFIG -u OTTER_PHYSICAL_CORES -u OTTER_PIN_THREADS -u OTTER_MAX_THREADS -u OTTER_THRESHOLD_PERCENT -u OTTER_GOLDEN_DISTANCE -u OTTER_VERBOSE OMP_NUM_THREADS=4 OMP_PROC_BIND=false OMP_DYNAMIC=false TUNER=none REGION_TIME_REPORT=1 /home/chenhon/topics/topic_phams/code/benchmark/lulesh/build/lulesh2.0 -s 8 -i 16
# workdir: /tmp
# utc: 2026-09-22T20:42:39+00:00
# toolchain: Ubuntu clang version 18.1.3 (1ubuntu1)
# environment: OMP_NUM_THREADS=4 OMP_PROC_BIND=false OMP_DYNAMIC=false TUNER=none REGION_TIME_REPORT=1
# environment_unset: OMP_PLACES KMP_AFFINITY GOMP_CPU_AFFINITY OMP_THREAD_LIMIT OFFLINE_CONFIG OTTER_PHYSICAL_CORES OTTER_PIN_THREADS OTTER_MAX_THREADS OTTER_THRESHOLD_PERCENT OTTER_GOLDEN_DISTANCE OTTER_VERBOSE
# stdout/stderr:
Running problem size 8^3 per domain until completion
Num processors: 1
Num threads: 4
Total number of elements: 512 

To run other sizes, use -s <integer>.
To run a fixed number of iterations, use -i <integer>.
To run a more or less balanced region set, use -b <integer>.
To change the relative costs of regions, use -c <integer>.
To print out progress, use -p
To write an output file for VisIt, use -v
See help (-h) for more options

Run completed:
   Problem size        =  8
   MPI tasks           =  1
   Iteration count     =  16
   Final Origin Energy =  9.693707e+04
   Testing Plane 0 of Energy Array on rank 0:
        MaxAbsDiff   = 6.366463e-12
        TotalAbsDiff = 6.728850e-12
        MaxRelDiff   = 4.201778e-13

Elapsed time         =      0.023 (s)
Grind time (us/z/c)  =  2.8172508 (per dom)  (0.023078918 overall)
FOM                  =  354.95597 (z/s)


time report
unit: seconds
iteration total: 0.023078918 s
step %: accumulated region time / iteration total (average time-step basis)
parallel region InitStressTermsForElems:287  0.000039339 s  step: 0.170%
    for region InitStressTermsForElems:287  0.000039339 s  step: 0.170%
parallel region IntegrateStressForElems:526  0.000342369 s  step: 1.483%
    for region IntegrateStressForElems:526  0.000342369 s  step: 1.483%
parallel region IntegrateStressForElems:570  0.000087261 s  step: 0.378%
    for region IntegrateStressForElems:570  0.000087261 s  step: 0.378%
parallel region CalcFBHourglassForceForElems:787  0.000467777 s  step: 2.027%
    for region CalcFBHourglassForceForElems:787  0.000467777 s  step: 2.027%
parallel region CalcFBHourglassForceForElems:974  0.000087500 s  step: 0.379%
    for region CalcFBHourglassForceForElems:974  0.000087500 s  step: 0.379%
parallel region CalcHourglassControlForElems:1014  0.000325203 s  step: 1.409%
    for region CalcHourglassControlForElems:1014  0.000325203 s  step: 1.409%
parallel region CalcVolumeForceForElems:1087  0.000031233 s  step: 0.135%
    for region CalcVolumeForceForElems:1087  0.000031233 s  step: 0.135%
parallel region CalcForceForNodes:1119  0.000550985 s  step: 2.387%
    for region CalcForceForNodes:1119  0.000550985 s  step: 2.387%
parallel region CalcAccelerationForNodes:1148  0.000058413 s  step: 0.253%
    for region CalcAccelerationForNodes:1148  0.000058413 s  step: 0.253%
parallel region ApplyAccelerationBoundaryConditionsForNodes:1167  0.000109434 s  step: 0.474%
    for region ApplyAccelerationBoundaryConditionsForNodes:1170 (nowait)  0.000095367 s  step: 0.413%
parallel region CalcVelocityForNodes:1196  0.000053167 s  step: 0.230%
    for region CalcVelocityForNodes:1196  0.000053167 s  step: 0.230%
parallel region CalcPositionForNodes:1220  0.000050783 s  step: 0.220%
    for region CalcPositionForNodes:1220  0.000050783 s  step: 0.220%
parallel region CalcKinematicsForElems:1518  0.000338078 s  step: 1.465%
    for region CalcKinematicsForElems:1518  0.000338078 s  step: 1.465%
parallel region CalcLagrangeElements:1592  0.000044346 s  step: 0.192%
    for region CalcLagrangeElements:1592  0.000044346 s  step: 0.192%
parallel region CalcMonotonicQGradientsForElems:1626  0.000151873 s  step: 0.658%
    for region CalcMonotonicQGradientsForElems:1626  0.000151873 s  step: 0.658%
parallel region CalcMonotonicQRegionForElems:1778  0.000333309 s  step: 1.444%
    for region CalcMonotonicQRegionForElems:1778  0.000333309 s  step: 1.444%
parallel region CalcPressureForElems:2030  0.003218651 s  step: 13.946%
    for region CalcPressureForElems:2030  0.003218651 s  step: 13.946%
parallel region CalcPressureForElems:2037  0.003479481 s  step: 15.076%
    for region CalcPressureForElems:2037  0.003479481 s  step: 15.076%
parallel region CalcEnergyForElems:2070  0.001655817 s  step: 7.175%
    for region CalcEnergyForElems:2070  0.001655817 s  step: 7.175%
parallel region CalcEnergyForElems:2083  0.001165867 s  step: 5.052%
    for region CalcEnergyForElems:2083  0.001165867 s  step: 5.052%
parallel region CalcEnergyForElems:2108  0.001121521 s  step: 4.860%
    for region CalcEnergyForElems:2108  0.001121521 s  step: 4.860%
parallel region CalcEnergyForElems:2124  0.001432896 s  step: 6.209%
    for region CalcEnergyForElems:2124  0.001432896 s  step: 6.209%
parallel region CalcEnergyForElems:2161  0.001022339 s  step: 4.430%
    for region CalcEnergyForElems:2161  0.001022339 s  step: 4.430%
parallel region CalcSoundSpeedForElems:2195  0.000308514 s  step: 1.337%
    for region CalcSoundSpeedForElems:2195  0.000308514 s  step: 1.337%
parallel region EvalEOSForElems:2248  0.004808187 s  step: 20.834%
    for region EvalEOSForElems:2250 (nowait)  0.001606941 s  step: 6.963%
    for region EvalEOSForElems:2272 (nowait)  0.002851963 s  step: 12.357%
parallel region EvalEOSForElems:2305  0.000306368 s  step: 1.327%
    for region EvalEOSForElems:2305  0.000306368 s  step: 1.327%
parallel region ApplyMaterialPropertiesForElems:2347  0.000098228 s  step: 0.426%
    for region ApplyMaterialPropertiesForElems:2349  0.000024080 s  step: 0.104%
    for region ApplyMaterialPropertiesForElems:2356 (nowait)  0.000061750 s  step: 0.268%
parallel region UpdateVolumesForElems:2423  0.000031710 s  step: 0.137%
    for region UpdateVolumesForElems:2423  0.000031710 s  step: 0.137%
parallel region CalcCourantConstraintForElems:2472  0.000395060 s  step: 1.712%
    for region CalcCourantConstraintForElems:2485  0.000251532 s  step: 1.090%
parallel region CalcHydroConstraintForElems:2544  0.000372171 s  step: 1.613%
    for region CalcHydroConstraintForElems:2556  0.000225782 s  step: 0.978%
# exit_code: 0
