# benchmark: NAS CG, Class S, default parameters/iterations
# utc: 2026-09-22T20:42:41+00:00
# source_branch: J-2025_otter (current working tree)
# toolchain: Ubuntu clang version 18.1.3 (1ubuntu1)
# build_command (repository root): make -C NPB3.3-OMP-C -j4 CLASS=S CC=clang-18 CXX=clang++-18 CLANG=clang-18 INSTRUMENT=1
# environment: OMP_NUM_THREADS=4 OMP_DYNAMIC=false OMP_PROC_BIND=false TUNER=none REGION_TIME_REPORT=1
# inherited OMP_*, KMP_*, GOMP_*, OTTER_*, NPB_* and OFFLINE_CONFIG were cleared before applying the environment above
# working_directory: /tmp/nas-example-logs-xvn5tyef/CG (fresh temporary directory)
# run_command: env OMP_NUM_THREADS=4 OMP_DYNAMIC=false OMP_PROC_BIND=false TUNER=none REGION_TIME_REPORT=1 /home/chenhon/topics/topic_phams/code/benchmark/NPB3.3-OMP-C/bin/CG.S
# output: stdout and stderr combined, unedited


 NAS Parallel Benchmarks (NPB3.3-OMP-C) - CG Benchmark

 Size:        1400
 Iterations:                     15
 Number of available threads:     4


   iteration           ||r||                 zeta
        1       1.38494659846320E-13     9.9986441579140
        2       2.10941786212964E-15     8.5733279203222
        3       2.12290800980318E-15     8.5954510374058
        4       1.96076690443587E-15     8.5969972340738
        5       1.84321980583516E-15     8.5971549151767
        6       1.99353726117619E-15     8.5971744311608
        7       2.02657744985784E-15     8.5971770704913
        8       2.00793825815889E-15     8.5971774440630
        9       2.04257405258194E-15     8.5971774983942
       10       1.84365624868899E-15     8.5971775064409
       11       1.77770549871424E-15     8.5971775076486
       12       1.88861416648216E-15     8.5971775078318
       13       1.88650894499628E-15     8.5971775078598
       14       1.84034217323819E-15     8.5971775078641
       15       1.80240239310144E-15     8.5971775078648
 Benchmark completed
 VERIFICATION SUCCESSFUL
 Zeta is     8.5971775078648E+00
 Error is    1.2397255990878E-15


 CG Benchmark Completed.
 Class           =                        S
 Size            =           1400x   0x   0
 Iterations      =                       15
 Time in seconds =                     0.02
 Total threads   =                        4
 Avail threads   =                        4
 Mop/s total     =                  3946.35
 Mop/s/thread    =                   986.59
 Operation type  =           floating point
 Verification    =               SUCCESSFUL
 Version         =                    3.3.1
 Compile date    =              22 Sep 2026

 Compile options:
    CC           = clang-18
    CLINK        = clang-18
    C_LIB        = -lm
    C_INC        = (none)
    CFLAGS       = -O3 -fopenmp -mcmodel=medium -mlarge-data-t...
    CLINKFLAGS   = -fopenmp -mcmodel=medium -mlarge-data-thres...
    RAND         = randdp

--------------------------------------
 Please send all errors/feedbacks to:
 Center for Manycore Programming
 cmp@aces.snu.ac.kr
 http://aces.snu.ac.kr
--------------------------------------


time report
unit: seconds
iteration total: 0.016890049 s
step %: accumulated region time / iteration total (average time-step basis)
parallel region main:328  0.000054836 s  step: 0.325%
    for region main:328  0.000054836 s  step: 0.325%
parallel region main:345  0.000276089 s  step: 1.635%
    for region main:345  0.000276089 s  step: 1.635%
parallel region conj_grad:424  0.016505241 s  step: 97.722%
    for region conj_grad:430  0.000055075 s  step: 0.326%
    for region conj_grad:442  0.000033140 s  step: 0.196%
    for region conj_grad:476  0.009049177 s  step: 53.577%
    for region conj_grad:526  0.002509594 s  step: 14.858%
    for region conj_grad:540  0.002085209 s  step: 12.346%
    for region conj_grad:560  0.001861334 s  step: 11.020%
    for region conj_grad:571  0.000302315 s  step: 1.790%
    for region conj_grad:583 (nowait)  0.000044107 s  step: 0.261%

# exit_code: 0
