# benchmark: NAS DC, Class S, default parameters/iterations
# utc: 2026-09-22T20:42:41+00:00
# source_branch: J-2025_otter (current working tree)
# toolchain: Ubuntu clang version 18.1.3 (1ubuntu1)
# build_command (repository root): make -C NPB3.3-OMP-C -j4 CLASS=S CC=clang-18 CXX=clang++-18 CLANG=clang-18 INSTRUMENT=1
# environment: OMP_NUM_THREADS=4 OMP_DYNAMIC=false OMP_PROC_BIND=false TUNER=none REGION_TIME_REPORT=1
# inherited OMP_*, KMP_*, GOMP_*, OTTER_*, NPB_* and OFFLINE_CONFIG were cleared before applying the environment above
# working_directory: /tmp/nas-example-logs-xvn5tyef/DC (fresh temporary directory)
# run_command: env OMP_NUM_THREADS=4 OMP_DYNAMIC=false OMP_PROC_BIND=false TUNER=none REGION_TIME_REPORT=1 /home/chenhon/topics/topic_phams/code/benchmark/NPB3.3-OMP-C/bin/DC.S
# output: stdout and stderr combined, unedited


 NAS Parallel Benchmarks (NPB3.3-OMP) - DC Benchmark

 No Paramter file. Using compiled defaults
********************* ADC paramters
 id		0
 attributes 	5
 measures   	1
 tuples     	1000
 class		S
 filename       ADC
***********************************

GenerateADC: writing 1000 tuples of 5 attributes and 1 measures to ADC.dat.0
Prime 	Generator 	Seed
 421	 364		 211
 601	 412		 301
 631	 334		 316
 701	 641		 351
 883	 108		 442
Binary ADC file ADC.dat.0 have been generated.
View sizes are written into ADC.view.sz.0
Estimated rb-tree size = 75000 

Number of available threads:  4

*** DC Benchmark Results:
 Benchmark Time   =                0.002
 Input Tuples     =                 1000
 Number of Views  =                   31
 Number of Tasks  =                    4
 Tuples Generated =                29232
 Tuples/s         =          12123790.62
 Checksum         =   4.646202130000e+08


 DC Benchmark Completed
 Class           =                        S
 Size            =                     1000
 Iterations      =                        1
 Time in seconds =                     0.00
 Total threads   =                        4
 Avail threads   =                        4
 Mop/s total     =                    12.12
 Mop/s/thread    =                     3.03
 Operation type  =         Tuples generated
 Verification    =               SUCCESSFUL
 Version         =                    3.3.1
 Compile date    =              22 Sep 2026

 Compile options:
    CC           = clang-18
    CLINK        = clang-18
    C_LIB        = -lm
    C_INC        = (none)
    CFLAGS       = -O3 -fopenmp -mcmodel=medium -mlarge-data-t...
    CLINKFLAGS   = -fopenmp -mcmodel=medium -mlarge-data-thres...

--------------------------------------
 Please send all errors/feedbacks to:
 Center for Manycore Programming
 cmp@aces.snu.ac.kr
 http://aces.snu.ac.kr
--------------------------------------

time report
unit: seconds
iteration total: 0.002411127 s
step %: accumulated region time / iteration total (average time-step basis)
parallel region DC:205  0.002409935 s  step: 99.951%

# exit_code: 0
