# benchmark: NAS EP, Class S, default parameters/iterations
# utc: 2026-09-22T20:42:41+00:00
# source_branch: J-2025_otter (current working tree)
# toolchain: Ubuntu clang version 18.1.3 (1ubuntu1)
# build_command (repository root): make -C NPB3.3-OMP-C -j4 CLASS=S CC=clang-18 CXX=clang++-18 CLANG=clang-18 INSTRUMENT=1
# environment: OMP_NUM_THREADS=4 OMP_DYNAMIC=false OMP_PROC_BIND=false TUNER=none REGION_TIME_REPORT=1
# inherited OMP_*, KMP_*, GOMP_*, OTTER_*, NPB_* and OFFLINE_CONFIG were cleared before applying the environment above
# working_directory: /tmp/nas-example-logs-xvn5tyef/EP (fresh temporary directory)
# run_command: env OMP_NUM_THREADS=4 OMP_DYNAMIC=false OMP_PROC_BIND=false TUNER=none REGION_TIME_REPORT=1 /home/chenhon/topics/topic_phams/code/benchmark/NPB3.3-OMP-C/bin/EP.S
# output: stdout and stderr combined, unedited


 NAS Parallel Benchmarks (NPB3.3-OMP-C) - EP Benchmark

 Number of random numbers generated:        33554432

 Number of available threads:                      4

EP Benchmark Results:

CPU Time =    0.2219
N = 2^   24
No. Gaussian Pairs =        13176389
Sums =    -3.247834652034438E+03    -6.958407078382656E+03
Counts: 
  0        6140517
  1        5865300
  2        1100361
  3          68546
  4           1648
  5             17
  6              0
  7              0
  8              0
  9              0


 EP Benchmark Completed.
 Class           =                        S
 Size            =             25x   0x   0
 Iterations      =                        0
 Time in seconds =                     0.22
 Total threads   =                        4
 Avail threads   =                        4
 Mop/s total     =                   151.21
 Mop/s/thread    =                    37.80
 Operation type  = Random numbers generated
 Verification    =               SUCCESSFUL
 Version         =                    3.3.1
 Compile date    =              22 Sep 2026

 Compile options:
    CC           = clang-18
    CLINK        = clang-18
    C_LIB        = -lm
    C_INC        = (none)
    CFLAGS       = -O3 -fopenmp -mcmodel=medium -mlarge-data-t...
    CLINKFLAGS   = -fopenmp -mcmodel=medium -mlarge-data-thres...
    RAND         = randdp

--------------------------------------
 Please send all errors/feedbacks to:
 Center for Manycore Programming
 cmp@aces.snu.ac.kr
 http://aces.snu.ac.kr
--------------------------------------


time report
unit: seconds
iteration total: 0.221899986 s
step %: accumulated region time / iteration total (average time-step basis)
parallel region main:166  0.221899986 s  step: 100.000%
    for region main:172 (nowait)  0.221893787 s  step: 99.997%

# exit_code: 0
