# benchmark: NAS LU, Class S, default parameters/iterations
# utc: 2026-09-22T20:42:41+00:00
# source_branch: J-2025_otter (current working tree)
# toolchain: Ubuntu clang version 18.1.3 (1ubuntu1)
# build_command (repository root): make -C NPB3.3-OMP-C -j4 CLASS=S CC=clang-18 CXX=clang++-18 CLANG=clang-18 INSTRUMENT=1
# environment: OMP_NUM_THREADS=4 OMP_DYNAMIC=false OMP_PROC_BIND=false TUNER=none REGION_TIME_REPORT=1
# inherited OMP_*, KMP_*, GOMP_*, OTTER_*, NPB_* and OFFLINE_CONFIG were cleared before applying the environment above
# working_directory: /tmp/nas-example-logs-xvn5tyef/LU (fresh temporary directory)
# run_command: env OMP_NUM_THREADS=4 OMP_DYNAMIC=false OMP_PROC_BIND=false TUNER=none REGION_TIME_REPORT=1 /home/chenhon/topics/topic_phams/code/benchmark/NPB3.3-OMP-C/bin/LU.S
# output: stdout and stderr combined, unedited


 NAS Parallel Benchmarks (NPB3.3-OMP-C) - LU Benchmark

 Size:   12x  12x  12
 Iterations:                     50
 Number of available threads:     4

 Time step    1
 Time step   20
 Time step   40
 Time step   50

 Verification being performed for class S
 Accuracy setting for epsilon =  1.0000000000000E-08
 Comparison of RMS-norms of residual
           1   1.6196343210978E-02 1.6196343210977E-02 8.8897874434085E-14
           2   2.1976745164824E-03 2.1976745164821E-03 1.2945258632547E-13
           3   1.5179927653395E-03 1.5179927653399E-03 2.9997831533930E-13
           4   1.5029584436013E-03 1.5029584435994E-03 1.2367316025436E-12
           5   3.4264073155897E-02 3.4264073155896E-02 1.4378368413349E-14
 Comparison of RMS-norms of solution error
           1   6.4223319957955E-04 6.4223319957961E-04 8.9810921662076E-14
           2   8.4144342047351E-05 8.4144342047348E-05 3.7688705828083E-14
           3   5.8588269616504E-05 5.8588269616485E-05 3.2257308916699E-13
           4   5.8474222595145E-05 5.8474222595157E-05 2.0882410104293E-13
           5   1.3103347914112E-03 1.3103347914111E-03 5.5271908825710E-14
 Comparison of surface integral
               7.8418928865937E+00 7.8418928865937E+00 1.1326071811291E-16
 Verification Successful


 LU Benchmark Completed.
 Class           =                        S
 Size            =             12x  12x  12
 Iterations      =                       50
 Time in seconds =                     0.01
 Total threads   =                        4
 Avail threads   =                        4
 Mop/s total     =                  9399.76
 Mop/s/thread    =                  2349.94
 Operation type  =           floating point
 Verification    =               SUCCESSFUL
 Version         =                    3.3.1
 Compile date    =              22 Sep 2026

 Compile options:
    CC           = clang-18
    CLINK        = clang-18
    C_LIB        = -lm
    C_INC        = (none)
    CFLAGS       = -O3 -fopenmp -mcmodel=medium -mlarge-data-t...
    CLINKFLAGS   = -fopenmp -mcmodel=medium -mlarge-data-thres...
    RAND         = (none)

--------------------------------------
 Please send all errors/feedbacks to:
 Center for Manycore Programming
 cmp@aces.snu.ac.kr
 http://aces.snu.ac.kr
--------------------------------------


time report
unit: seconds
iteration total: 0.010883093 s
step %: accumulated region time / iteration total (average time-step basis)
parallel region l2norm:59  0.000005960 s  step: 0.055%
    for region l2norm:64 (nowait)  0.000003815 s  step: 0.035%
parallel region rhs:56  0.001578808 s  step: 14.507%
    for region rhs:61  0.000207901 s  step: 1.910%
    for region rhs:81 (nowait)  0.000749588 s  step: 6.888%
    for region rhs:327 (nowait)  0.000576019 s  step: 5.293%
parallel region ssor:129  0.009283304 s  step: 85.300%
    for region jacld:55 (nowait)  0.004284859 s  step: 39.372%
    for region jacu:55 (nowait)  0.004477739 s  step: 41.144%
    for region ssor:133 (nowait)  0.000123024 s  step: 1.130%
    for region ssor:196 (nowait)  0.000352859 s  step: 3.242%

# exit_code: 0
