# benchmark: NAS MG, Class S, default parameters/iterations
# utc: 2026-09-22T20:42:41+00:00
# source_branch: J-2025_otter (current working tree)
# toolchain: Ubuntu clang version 18.1.3 (1ubuntu1)
# build_command (repository root): make -C NPB3.3-OMP-C -j4 CLASS=S CC=clang-18 CXX=clang++-18 CLANG=clang-18 INSTRUMENT=1
# environment: OMP_NUM_THREADS=4 OMP_DYNAMIC=false OMP_PROC_BIND=false TUNER=none REGION_TIME_REPORT=1
# inherited OMP_*, KMP_*, GOMP_*, OTTER_*, NPB_* and OFFLINE_CONFIG were cleared before applying the environment above
# working_directory: /tmp/nas-example-logs-xvn5tyef/MG (fresh temporary directory)
# run_command: env OMP_NUM_THREADS=4 OMP_DYNAMIC=false OMP_PROC_BIND=false TUNER=none REGION_TIME_REPORT=1 /home/chenhon/topics/topic_phams/code/benchmark/NPB3.3-OMP-C/bin/MG.S
# output: stdout and stderr combined, unedited


 NAS Parallel Benchmarks (NPB3.3-OMP-C) - MG Benchmark

 No input file. Using compiled defaults 
 Size:   32x  32x  32  (class S)
 Iterations:                      4
 Number of available threads:     4

  iter   1
  iter   4

 Benchmark completed
 VERIFICATION SUCCESSFUL
 L2 Norm is  5.3077070057349E-05
 Error is    1.6711791012700E-13


 MG Benchmark Completed.
 Class           =                        S
 Size            =             32x  32x  32
 Iterations      =                        4
 Time in seconds =                     0.00
 Total threads   =                        4
 Avail threads   =                        4
 Mop/s total     =                  5164.53
 Mop/s/thread    =                  1291.13
 Operation type  =           floating point
 Verification    =               SUCCESSFUL
 Version         =                    3.3.1
 Compile date    =              22 Sep 2026

 Compile options:
    CC           = clang-18
    CLINK        = clang-18
    C_LIB        = -lm
    C_INC        = (none)
    CFLAGS       = -O3 -fopenmp -mcmodel=medium -mlarge-data-t...
    CLINKFLAGS   = -fopenmp -mcmodel=medium -mlarge-data-thres...
    RAND         = randdp

--------------------------------------
 Please send all errors/feedbacks to:
 Center for Manycore Programming
 cmp@aces.snu.ac.kr
 http://aces.snu.ac.kr
--------------------------------------


time report
unit: seconds
iteration total: 0.001471996 s
step %: accumulated region time / iteration total (average time-step basis)
parallel region psinv:458  0.000121832 s  step: 8.277%
    for region psinv:458  0.000121832 s  step: 8.277%
parallel region resid:519  0.000183821 s  step: 12.488%
    for region resid:519  0.000183821 s  step: 12.488%
parallel region rprj3:595  0.000848532 s  step: 57.645%
    for region rprj3:595  0.000848532 s  step: 57.645%
parallel region interp:663  0.000065327 s  step: 4.438%
    for region interp:663  0.000065327 s  step: 4.438%
parallel region comm3:870  0.000172853 s  step: 11.743%
    for region comm3:872  0.000074148 s  step: 5.037%
    for region comm3:887 (nowait)  0.000068665 s  step: 4.665%
parallel region zero3:1240  0.000068426 s  step: 4.649%
    for region zero3:1240  0.000068426 s  step: 4.649%

# exit_code: 0
