# benchmark: NAS SP, Class S, default parameters/iterations
# utc: 2026-09-22T20:42:41+00:00
# source_branch: J-2025_otter (current working tree)
# toolchain: Ubuntu clang version 18.1.3 (1ubuntu1)
# build_command (repository root): make -C NPB3.3-OMP-C -j4 CLASS=S CC=clang-18 CXX=clang++-18 CLANG=clang-18 INSTRUMENT=1
# environment: OMP_NUM_THREADS=4 OMP_DYNAMIC=false OMP_PROC_BIND=false TUNER=none REGION_TIME_REPORT=1
# inherited OMP_*, KMP_*, GOMP_*, OTTER_*, NPB_* and OFFLINE_CONFIG were cleared before applying the environment above
# working_directory: /tmp/nas-example-logs-xvn5tyef/SP (fresh temporary directory)
# run_command: env OMP_NUM_THREADS=4 OMP_DYNAMIC=false OMP_PROC_BIND=false TUNER=none REGION_TIME_REPORT=1 /home/chenhon/topics/topic_phams/code/benchmark/NPB3.3-OMP-C/bin/SP.S
# output: stdout and stderr combined, unedited


 NAS Parallel Benchmarks (NPB3.3-OMP-C) - SP Benchmark

 No input file inputsp.data. Using compiled defaults
 Size:   12x  12x  12
 Iterations:  100    dt:    0.0150000
 Number of available threads:     4

 Time step    1
 Time step   20
 Time step   40
 Time step   60
 Time step   80
 Time step  100
 Verification being performed for class S
 accuracy setting for epsilon =  1.0000000000000E-08
 Comparison of RMS-norms of residual
           1 2.7470315451373E-02 2.7470315451339E-02 1.2085459281330E-12
           2 1.0360746705278E-02 1.0360746705285E-02 6.7023142943864E-13
           3 1.6235745065064E-02 1.6235745065096E-02 1.9606230361801E-12
           4 1.5840557224454E-02 1.5840557224456E-02 9.0675537341027E-14
           5 3.4849040609363E-02 3.4849040609362E-02 2.0508629781631E-14
 Comparison of RMS-norms of solution error
           1 2.7289258557405E-05 2.7289258557377E-05 1.0308692771942E-12
           2 1.0364446640834E-05 1.0364446640837E-05 3.3883126818169E-13
           3 1.6154798287128E-05 1.6154798287166E-05 2.3722461886768E-12
           4 1.5750704994480E-05 1.5750704994480E-05 2.5598072151967E-14
           5 3.4177666183396E-05 3.4177666183391E-05 1.6456064435733E-13
 Verification Successful


 SP Benchmark Completed.
 Class           =                        S
 Size            =             12x  12x  12
 Iterations      =                      100
 Time in seconds =                     0.01
 Total threads   =                        4
 Avail threads   =                        4
 Mop/s total     =                  7141.28
 Mop/s/thread    =                  1785.32
 Operation type  =           floating point
 Verification    =               SUCCESSFUL
 Version         =                    3.3.1
 Compile date    =              22 Sep 2026

 Compile options:
    CC           = clang-18
    CLINK        = clang-18
    C_LIB        = -lm
    C_INC        = (none)
    CFLAGS       = -O3 -fopenmp -mcmodel=medium -mlarge-data-t...
    CLINKFLAGS   = -fopenmp -mcmodel=medium -mlarge-data-thres...
    RAND         = (none)

--------------------------------------
 Please send all errors/feedbacks to:
 Center for Manycore Programming
 cmp@aces.snu.ac.kr
 http://aces.snu.ac.kr
--------------------------------------


time report
unit: seconds
iteration total: 0.013537169 s
step %: accumulated region time / iteration total (average time-step basis)
parallel region add:44  0.000361443 s  step: 2.670%
    for region add:44  0.000361443 s  step: 2.670%
parallel region ninvr:45  0.000241280 s  step: 1.782%
    for region ninvr:45  0.000241280 s  step: 1.782%
parallel region pinvr:45  0.000348330 s  step: 2.573%
    for region pinvr:45  0.000348330 s  step: 2.573%
parallel region compute_rhs:43  0.004464149 s  step: 32.977%
    for region compute_rhs:50 (nowait)  0.000946999 s  step: 6.996%
    for region compute_rhs:94 (nowait)  0.001689672 s  step: 12.482%
    for region compute_rhs:280  0.000558138 s  step: 4.123%
    for region compute_rhs:326 (nowait)  0.000908136 s  step: 6.708%
    for region compute_rhs:387 (nowait)  0.000280619 s  step: 2.073%
parallel region txinvr:45  0.000306129 s  step: 2.261%
    for region txinvr:45  0.000306129 s  step: 2.261%
parallel region tzetar:46  0.000622511 s  step: 4.599%
    for region tzetar:46  0.000622511 s  step: 4.599%
parallel region x_solve:48  0.002517939 s  step: 18.600%
    for region x_solve:48  0.002517939 s  step: 18.600%
parallel region y_solve:48  0.002222538 s  step: 16.418%
    for region y_solve:48  0.002222538 s  step: 16.418%
parallel region z_solve:52  0.002389431 s  step: 17.651%
    for region z_solve:52  0.002389431 s  step: 17.651%

# exit_code: 0
