

 NAS Parallel Benchmarks (NPB3.3-OMP-C) - SP Benchmark

 No input file inputsp.data. Using compiled defaults
 Size:  102x 102x 102
 Iterations:    3    dt:    0.0010000
 Number of available threads:     8

 Time step    1
 Unknown class
 RMS-norms of residual
           1 2.3348399726534E+05
           2 2.6300617319910E+04
           3 6.0106071591395E+04
           4 5.0496230210805E+04
           5 2.7070754835411E+05
 RMS-norms of solution error
           1 3.5927460816728E+02
           2 2.9772163194551E+01
           3 9.0752708457836E+01
           4 7.9292040849965E+01
           5 6.7097334213112E+02
 No reference values provided
 No verification performed


 SP Benchmark Completed.
 Class           =                        U
 Size            =            102x 102x 102
 Iterations      =                        3
 Time in seconds =                     0.20
 Total threads   =                        8
 Avail threads   =                        8
 Mop/s total     =                 13275.23
 Mop/s/thread    =                  1659.40
 Operation type  =           floating point
 Verification    =             UNSUCCESSFUL
 Version         =                    3.3.1
 Compile date    =              10 Sep 2026

 Compile options:
    CC           = gcc
    CLINK        = gcc
    C_LIB        = -lm
    C_INC        = (none)
    CFLAGS       = -O3 -fopenmp -mcmodel=medium -mlarge-data-t...
    CLINKFLAGS   = -fopenmp -mcmodel=medium -mlarge-data-thres...
    RAND         = (none)

--------------------------------------
 Please send all errors/feedbacks to:
 Center for Manycore Programming
 cmp@aces.snu.ac.kr
 http://aces.snu.ac.kr
--------------------------------------


time report
unit: seconds
iteration total: 0.200568580 s
step %: accumulated region time / iteration total (average time-step basis)
parallel region add:46  0.006742645 s  step: 3.362%
    for region add:46  0.006742645 s  step: 3.362%
parallel region ninvr:47  0.004580416 s  step: 2.284%
    for region ninvr:47  0.004580416 s  step: 2.284%
parallel region pinvr:47  0.004267307 s  step: 2.128%
    for region pinvr:47  0.004267307 s  step: 2.128%
parallel region compute_rhs:45  0.079298768 s  step: 39.537%
    for region compute_rhs:53-81 (nowait)  0.009518808 s  step: 4.746%
    for region compute_rhs:83  0.006285944 s  step: 3.134%
    for region compute_rhs:101-195 (nowait)  0.014650503 s  step: 7.304%
    for region compute_rhs:197  0.013103404 s  step: 6.533%
    for region compute_rhs:297  0.018311177 s  step: 9.130%
    for region compute_rhs:345-394 (nowait)  0.010584612 s  step: 5.277%
    for region compute_rhs:396  0.002585945 s  step: 1.289%
    for region compute_rhs:410-420 (nowait)  0.004025032 s  step: 2.007%
parallel region txinvr:47  0.007607743 s  step: 3.793%
    for region txinvr:47  0.007607743 s  step: 3.793%
parallel region tzetar:48  0.009983587 s  step: 4.978%
    for region tzetar:48  0.009983587 s  step: 4.978%
parallel region x_solve:50  0.027953147 s  step: 13.937%
    for region x_solve:50  0.027953147 s  step: 13.937%
parallel region y_solve:50  0.028621441 s  step: 14.270%
    for region y_solve:50  0.028621441 s  step: 14.270%
parallel region z_solve:54  0.031487252 s  step: 15.699%
    for region z_solve:54  0.031487252 s  step: 15.699%
